// Jest Snapshot v1, https://goo.gl/fbAQLP

exports[`renders correctly 1`] = `
<li
  className="item"
  draggable={true}
  onDragEnd={[MockFunction]}
  onDragEnter={[MockFunction]}
  onDragOver={[Function]}
  onDragStart={[MockFunction]}
/>
`;
